(node:14160) [DEP0040] DeprecationWarning: The `punycode` module is deprecated. Please use a userland alternative instead.
(Use `node --trace-deprecation ...` to show where the warning was created)
[canonical] MongoDB connection FAILED: Could not connect to any servers in your MongoDB Atlas cluster. One common reason is that you're trying to access the database from an IP that isn't whitelisted. Make sure your current IP address is on your Atlas cluster's IP whitelist: https://www.mongodb.com/docs/atlas/security-whitelist/
[canonical] CANONICAL_PERSISTENCE=mongo was requested but the database is unreachable.
[canonical] /api/v2/missions will return 503 until MongoDB is available.
[canonical] DEV: If Atlas is auto-paused, resume it at cloud.mongodb.com and restart the server.
[canonical] Temporary in-memory fallback active — restart the server once Atlas is reachable.
node:events:486
      throw er; // Unhandled 'error' event
      ^

Error: listen EADDRINUSE: address already in use :::5000
    at Server.setupListenHandle [as _listen2] (node:net:1940:16)
    at listenInCluster (node:net:1997:12)
    at Server.listen (node:net:2102:7)
    at file:///C:/Users/user/Desktop/econet/server/index.js:331:12
Emitted 'error' event on Server instance at:
    at emitErrorNT (node:net:1976:8)
    at process.processTicksAndRejections (node:internal/process/task_queues:89:21) {
  code: 'EADDRINUSE',
  errno: -4091,
  syscall: 'listen',
  address: '::',
  port: 5000
}

Node.js v24.13.1
